error: unknown option '--no-telemetry'
